(1/9) running `change_init_struct`...
(2/9) running `test_for_changed_init_struct`...
(3/9) running `assert_true`...
(4/9) running `assert_imported_max`...
(5/9) running `result`...
(6/9) running `should_error`...
(7/9) ignoring `ignored`...
(8/9) running `fail`...
ERROR panicked at '`#[should_error]` test failed with outcome: Ok(this should have returned `Err`)'
